// Vitest Snapshot v1, https://vitest.dev/guide/snapshot.html

exports[`Pruebas en <GifItem /> > debe de hacer match con el snapshot 1`] = `
<div>
  <div
    class="card"
  >
    <img
      alt="Goku"
      src="https://goku.com/goku.jpg"
    />
    <p>
      Goku
    </p>
  </div>
</div>
`;
